// Jest Snapshot v1, https://goo.gl/fbAQLP

exports[`Expense List Item Matches Snapshot 1`] = `
<div
  className="expenseListElement"
  data-testid="expenseItem"
>
  <div
    className="expenseListElementDate"
  >
    06-21
  </div>
  <div
    className="expenseListElementCategory"
  >
    Culture
  </div>
  <div
    className="expenseListElementAmount"
  >
    100
  </div>
  <div
    className="expenseListElementDescription"
  >
    Random description
  </div>
  <div
    className="expenseListElementTags"
  >
    <div
      className="tagElement"
    >
      Cinema
    </div>
    <div
      className="tagElement"
    >
      Dog
    </div>
  </div>
  <div
    className="expenseListElementControls"
  >
    <button
      aria-label="Edit expense"
      data-testid="editExpenseButton"
      onClick={[Function]}
    >
      <svg
        id="iconEdit"
        viewBox="0 0 53 53.42"
        xmlns="http://www.w3.org/2000/svg"
      >
        <g
          data-name="Layer 2"
          id="Layer_2"
        >
          <g
            data-name="Layer 1"
            id="Layer_1-2"
          >
            <path
              className="cls-1"
              d="M51,27.42v19a6,6,0,0,1-6,6H7a6,6,0,0,1-6-6v-38a6,6,0,0,1,6-6H26"
            />
            <line
              className="cls-1"
              x1="52"
              x2="23.61"
              y1="7.55"
              y2="35.94"
            />
            <line
              className="cls-1"
              x1="45.45"
              x2="17.06"
              y1="1"
              y2="29.39"
            />
            <line
              className="cls-1"
              x1="17.06"
              x2="15.37"
              y1="29.39"
              y2="38.12"
            />
            <line
              className="cls-1"
              x1="23.61"
              x2="15.37"
              y1="35.94"
              y2="38.12"
            />
            <line
              className="cls-1"
              x1="45.45"
              x2="52"
              y1="1"
              y2="7.55"
            />
            <line
              className="cls-1"
              x1="40.31"
              x2="47.63"
              y1="6.14"
              y2="11.92"
            />
          </g>
        </g>
      </svg>
    </button>
  </div>
</div>
`;
