// Jest Snapshot v1, https://goo.gl/fbAQLP

exports[`Form Textarea Matches Snapshot 1`] = `
<label
  data-testid="formLabel"
  htmlFor="description"
>
  Description:
  <textarea
    data-testid="formTextarea"
    placeholder="Something to describe your expense"
  />
</label>
`;
