// Jest Snapshot v1, https://goo.gl/fbAQLP

exports[`Mobile Navigation List Matches Snapshot 1`] = `
<div
  className="mobileNav"
  data-testid="mobileNavList"
>
  <ul>
    <li>
      <a
        className=""
        href="/"
        onClick={[Function]}
      >
        <div
          className="logoContainer"
        >
          <svg
            id="dashboardIcon"
            viewBox="0 0 52 52"
            xmlns="http://www.w3.org/2000/svg"
          >
            <g
              data-name="Layer 2"
              id="Layer_2"
            >
              <g
                data-name="Layer 1"
                id="Layer_1-2"
              >
                <rect
                  className="cls-1"
                  height="50"
                  rx="6"
                  width="50"
                  x="1"
                  y="1"
                />
                <rect
                  className="cls-2"
                  height="13.91"
                  rx="3"
                  width="17.13"
                  x="28.59"
                  y="30.39"
                />
                <rect
                  className="cls-2"
                  height="13.91"
                  rx="3"
                  width="17.13"
                  x="6.13"
                  y="30.39"
                />
                <rect
                  className="cls-2"
                  height="13.91"
                  rx="3"
                  width="17.13"
                  x="28.67"
                  y="8.85"
                />
                <rect
                  className="cls-2"
                  height="13.91"
                  rx="3"
                  width="17.13"
                  x="6.2"
                  y="8.85"
                />
              </g>
            </g>
          </svg>
        </div>
      </a>
    </li>
    <li>
      <a
        className=""
        href="/history"
        onClick={[Function]}
      >
        <div
          className="logoContainer"
        >
          <svg
            id="historyIcon"
            viewBox="0 0 52 52"
            xmlns="http://www.w3.org/2000/svg"
          >
            <g
              data-name="Layer 2"
              id="Layer_2"
            >
              <g
                data-name="Layer 1"
                id="Layer_1-2"
              >
                <rect
                  className="cls-1"
                  height="50"
                  rx="6"
                  width="50"
                  x="1"
                  y="1"
                />
                <line
                  className="cls-2"
                  x1="27.33"
                  x2="27.33"
                  y1="28.95"
                  y2="17.36"
                />
                <line
                  className="cls-2"
                  x1="27.33"
                  x2="33.25"
                  y1="28.95"
                  y2="31.59"
                />
                <path
                  className="cls-2"
                  d="M16.84,39.26a17.53,17.53,0,1,0-6-12"
                />
                <line
                  className="cls-2"
                  x1="11.41"
                  x2="16.84"
                  y1="27.16"
                  y2="21.72"
                />
                <line
                  className="cls-2"
                  x1="6.21"
                  x2="10.05"
                  y1="20.06"
                  y2="26.72"
                />
              </g>
            </g>
          </svg>
        </div>
      </a>
    </li>
    <li
      className="buttonContainer"
    >
      <button
        aria-label="Mobile Navigation Button"
        data-testid="mobileNavListButton"
        onClick={[Function]}
      >
        +
      </button>
    </li>
    <li>
      <a
        className=""
        href="/stocks"
        onClick={[Function]}
      >
        <div
          className="logoContainer"
        >
          <svg
            id="historyIcon"
            viewBox="0 0 52 52"
            xmlns="http://www.w3.org/2000/svg"
          >
            <g
              data-name="Layer 2"
              id="Layer_2"
            >
              <g
                data-name="Layer 1"
                id="Layer_1-2"
              >
                <rect
                  className="cls-1"
                  height="50"
                  rx="6"
                  width="50"
                  x="1"
                  y="1"
                />
                <line
                  className="cls-2"
                  x1="14.16"
                  x2="24.03"
                  y1="36.51"
                  y2="24.56"
                />
                <line
                  className="cls-2"
                  x1="24.03"
                  x2="30.25"
                  y1="24.56"
                  y2="32.68"
                />
                <line
                  className="cls-2"
                  x1="30.25"
                  x2="42.13"
                  y1="32.68"
                  y2="13.23"
                />
                <line
                  className="cls-2"
                  x1="42.74"
                  x2="37.59"
                  y1="11.79"
                  y2="13.18"
                />
                <line
                  className="cls-2"
                  x1="44.13"
                  x2="42.74"
                  y1="16.93"
                  y2="11.79"
                />
                <line
                  className="cls-3"
                  x1="8.69"
                  x2="8.69"
                  y1="8.49"
                  y2="43.51"
                />
                <line
                  className="cls-3"
                  x1="43.71"
                  x2="8.69"
                  y1="43.51"
                  y2="43.51"
                />
              </g>
            </g>
          </svg>
        </div>
      </a>
    </li>
    <li>
      <a
        className=""
        href="/weekly"
        onClick={[Function]}
      >
        <div
          className="logoContainer"
        >
          <svg
            id="weeklyIcon"
            viewBox="0 0 52 52"
            xmlns="http://www.w3.org/2000/svg"
          >
            <g
              data-name="Layer 2"
              id="Layer_2"
            >
              <g
                data-name="Layer 1"
                id="Layer_1-2"
              >
                <rect
                  className="cls-1"
                  height="50"
                  rx="6"
                  width="50"
                  x="1"
                  y="1"
                />
                <text
                  className="cls-2"
                  transform="translate(15 41)"
                >
                  7
                </text>
              </g>
            </g>
          </svg>
        </div>
      </a>
    </li>
  </ul>
</div>
`;
